*** EVALUATION ***
PROGRAM "Estacion_Metereologica_MCU.abs"

*********************************************************************************************
TARGET SECTION
---------------------------------------------------------------------------------------------
Processor   : Freescale HC08
Memory Model: SMALL
File Format : ELF\DWARF 2.0
Linker      : SmartLinker V-5.0.50 Build 13184, Jul  4 2013

*********************************************************************************************
FILE SECTION
---------------------------------------------------------------------------------------------
Estacion_Metereologica_c.obj            Model: SMALL,         Lang: ANSI-C
Events_c.obj                            Model: SMALL,         Lang: ANSI-C
ProcessorExpert_c.obj                   Model: SMALL,         Lang: ANSI-C
start08_c.obj                           Model: SMALL,         Lang: ANSI-C
AD1_c.obj                               Model: SMALL,         Lang: ANSI-C
Cpu_c.obj                               Model: SMALL,         Lang: ANSI-C
IO_Map_c.obj                            Model: SMALL,         Lang: ANSI-C
S1_c.obj                                Model: SMALL,         Lang: ANSI-C
S1_LED_c.obj                            Model: SMALL,         Lang: ANSI-C
S2_c.obj                                Model: SMALL,         Lang: ANSI-C
S2_LED_c.obj                            Model: SMALL,         Lang: ANSI-C
Senal_25u_c.obj                         Model: SMALL,         Lang: ANSI-C
Senal_25u_2_c.obj                       Model: SMALL,         Lang: ANSI-C
Tiempo_c.obj                            Model: SMALL,         Lang: ANSI-C
Tiempo_2_c.obj                          Model: SMALL,         Lang: ANSI-C
Vectors_c.obj                           Model: SMALL,         Lang: ANSI-C
rtshc08.c.o (ansifs.lib)                Model: SMALL,         Lang: ANSI-C

*********************************************************************************************
STARTUP SECTION
---------------------------------------------------------------------------------------------
Entry point: 0x2097 (_EntryPoint)
_startupData is allocated at 0x2190 and uses 6 Bytes
extern struct _tagStartup {
  unsigned nofZeroOut     1
  _Range   pZeroOut       0xA0     100
  _Copy    *toCopyDownBeg 0x2BE2
} _startupData;

*********************************************************************************************
SECTION-ALLOCATION SECTION
Section Name                    Size  Type     From       To       Segment
---------------------------------------------------------------------------------------------
.data                             30   R/W       0xA0       0xBD   RAM
.text                           2618     R     0x21A2     0x2BDB   ROM
.rodata                            6     R     0x2BDC     0x2BE1   ROM
.abs_section_ffbd                  1     R     0xFFBD     0xFFBD   .absSeg0
.abs_section_ffbf                  1     R     0xFFBF     0xFFBF   .absSeg1
.abs_section_0                     1   N/I        0x0        0x0   .absSeg2
.abs_section_1                     1   N/I        0x1        0x1   .absSeg3
.abs_section_2                     1   N/I        0x2        0x2   .absSeg4
.abs_section_3                     1   N/I        0x3        0x3   .absSeg5
.abs_section_4                     1   N/I        0x4        0x4   .absSeg6
.abs_section_5                     1   N/I        0x5        0x5   .absSeg7
.abs_section_6                     1   N/I        0x6        0x6   .absSeg8
.abs_section_7                     1   N/I        0x7        0x7   .absSeg9
.abs_section_8                     1   N/I        0x8        0x8   .absSeg10
.abs_section_9                     1   N/I        0x9        0x9   .absSeg11
.abs_section_a                     1   N/I        0xA        0xA   .absSeg12
.abs_section_b                     1   N/I        0xB        0xB   .absSeg13
.abs_section_c                     1   N/I        0xC        0xC   .absSeg14
.abs_section_d                     1   N/I        0xD        0xD   .absSeg15
.abs_section_e                     1   N/I        0xE        0xE   .absSeg16
.abs_section_f                     1   N/I        0xF        0xF   .absSeg17
.abs_section_10                    1   N/I       0x10       0x10   .absSeg18
.abs_section_11                    1   N/I       0x11       0x11   .absSeg19
.abs_section_16                    1   N/I       0x16       0x16   .absSeg20
.abs_section_17                    1   N/I       0x17       0x17   .absSeg21
.abs_section_18                    1   N/I       0x18       0x18   .absSeg22
.abs_section_19                    1   N/I       0x19       0x19   .absSeg23
.abs_section_1a                    1   N/I       0x1A       0x1A   .absSeg24
.abs_section_1b                    1   N/I       0x1B       0x1B   .absSeg25
.abs_section_1c                    1   N/I       0x1C       0x1C   .absSeg26
.abs_section_1d                    1   N/I       0x1D       0x1D   .absSeg27
.abs_section_1e                    1   N/I       0x1E       0x1E   .absSeg28
.abs_section_1f                    1   N/I       0x1F       0x1F   .absSeg29
.abs_section_22                    1   N/I       0x22       0x22   .absSeg30
.abs_section_23                    1   N/I       0x23       0x23   .absSeg31
.abs_section_24                    1   N/I       0x24       0x24   .absSeg32
.abs_section_25                    1   N/I       0x25       0x25   .absSeg33
.abs_section_26                    1   N/I       0x26       0x26   .absSeg34
.abs_section_27                    1   N/I       0x27       0x27   .absSeg35
.abs_section_28                    1   N/I       0x28       0x28   .absSeg36
.abs_section_29                    1   N/I       0x29       0x29   .absSeg37
.abs_section_2a                    1   N/I       0x2A       0x2A   .absSeg38
.abs_section_2b                    1   N/I       0x2B       0x2B   .absSeg39
.abs_section_2d                    1   N/I       0x2D       0x2D   .absSeg40
.abs_section_2e                    1   N/I       0x2E       0x2E   .absSeg41
.abs_section_2f                    1   N/I       0x2F       0x2F   .absSeg42
.abs_section_30                    1   N/I       0x30       0x30   .absSeg43
.abs_section_31                    1   N/I       0x31       0x31   .absSeg44
.abs_section_32                    1   N/I       0x32       0x32   .absSeg45
.abs_section_33                    1   N/I       0x33       0x33   .absSeg46
.abs_section_34                    1   N/I       0x34       0x34   .absSeg47
.abs_section_35                    1   N/I       0x35       0x35   .absSeg48
.abs_section_38                    1   N/I       0x38       0x38   .absSeg49
.abs_section_39                    1   N/I       0x39       0x39   .absSeg50
.abs_section_3a                    1   N/I       0x3A       0x3A   .absSeg51
.abs_section_3b                    1   N/I       0x3B       0x3B   .absSeg52
.abs_section_3c                    1   N/I       0x3C       0x3C   .absSeg53
.abs_section_3d                    1   N/I       0x3D       0x3D   .absSeg54
.abs_section_3e                    1   N/I       0x3E       0x3E   .absSeg55
.abs_section_40                    1   N/I       0x40       0x40   .absSeg56
.abs_section_45                    1   N/I       0x45       0x45   .absSeg57
.abs_section_48                    1   N/I       0x48       0x48   .absSeg58
.abs_section_4b                    1   N/I       0x4B       0x4B   .absSeg59
.abs_section_50                    1   N/I       0x50       0x50   .absSeg60
.abs_section_55                    1   N/I       0x55       0x55   .absSeg61
.abs_section_58                    1   N/I       0x58       0x58   .absSeg62
.abs_section_5b                    1   N/I       0x5B       0x5B   .absSeg63
.abs_section_60                    1   N/I       0x60       0x60   .absSeg64
.abs_section_65                    1   N/I       0x65       0x65   .absSeg65
.abs_section_68                    1   N/I       0x68       0x68   .absSeg66
.abs_section_6b                    1   N/I       0x6B       0x6B   .absSeg67
.abs_section_6e                    1   N/I       0x6E       0x6E   .absSeg68
.abs_section_71                    1   N/I       0x71       0x71   .absSeg69
.abs_section_74                    1   N/I       0x74       0x74   .absSeg70
.abs_section_78                    1   N/I       0x78       0x78   .absSeg71
.abs_section_79                    1   N/I       0x79       0x79   .absSeg72
.abs_section_7a                    1   N/I       0x7A       0x7A   .absSeg73
.abs_section_7b                    1   N/I       0x7B       0x7B   .absSeg74
.abs_section_7c                    1   N/I       0x7C       0x7C   .absSeg75
.abs_section_7d                    1   N/I       0x7D       0x7D   .absSeg76
.abs_section_7e                    1   N/I       0x7E       0x7E   .absSeg77
.abs_section_7f                    1   N/I       0x7F       0x7F   .absSeg78
.abs_section_1800                  1   N/I     0x1800     0x1800   .absSeg79
.abs_section_1801                  1   N/I     0x1801     0x1801   .absSeg80
.abs_section_1802                  1   N/I     0x1802     0x1802   .absSeg81
.abs_section_1803                  1   N/I     0x1803     0x1803   .absSeg82
.abs_section_1808                  1   N/I     0x1808     0x1808   .absSeg83
.abs_section_1809                  1   N/I     0x1809     0x1809   .absSeg84
.abs_section_180b                  1   N/I     0x180B     0x180B   .absSeg85
.abs_section_180e                  1   N/I     0x180E     0x180E   .absSeg86
.abs_section_180f                  1   N/I     0x180F     0x180F   .absSeg87
.abs_section_1818                  1   N/I     0x1818     0x1818   .absSeg88
.abs_section_1819                  1   N/I     0x1819     0x1819   .absSeg89
.abs_section_181a                  1   N/I     0x181A     0x181A   .absSeg90
.abs_section_181b                  1   N/I     0x181B     0x181B   .absSeg91
.abs_section_181c                  1   N/I     0x181C     0x181C   .absSeg92
.abs_section_181d                  1   N/I     0x181D     0x181D   .absSeg93
.abs_section_181e                  1   N/I     0x181E     0x181E   .absSeg94
.abs_section_181f                  1   N/I     0x181F     0x181F   .absSeg95
.abs_section_1820                  1   N/I     0x1820     0x1820   .absSeg96
.abs_section_1821                  1   N/I     0x1821     0x1821   .absSeg97
.abs_section_1823                  1   N/I     0x1823     0x1823   .absSeg98
.abs_section_1824                  1   N/I     0x1824     0x1824   .absSeg99
.abs_section_1825                  1   N/I     0x1825     0x1825   .absSeg100
.abs_section_1826                  1   N/I     0x1826     0x1826   .absSeg101
.abs_section_1830                  1   N/I     0x1830     0x1830   .absSeg102
.abs_section_1831                  1   N/I     0x1831     0x1831   .absSeg103
.abs_section_1832                  1   N/I     0x1832     0x1832   .absSeg104
.abs_section_1838                  1   N/I     0x1838     0x1838   .absSeg105
.abs_section_1839                  1   N/I     0x1839     0x1839   .absSeg106
.abs_section_183a                  1   N/I     0x183A     0x183A   .absSeg107
.abs_section_183b                  1   N/I     0x183B     0x183B   .absSeg108
.abs_section_183d                  1   N/I     0x183D     0x183D   .absSeg109
.abs_section_1840                  1   N/I     0x1840     0x1840   .absSeg110
.abs_section_1841                  1   N/I     0x1841     0x1841   .absSeg111
.abs_section_1842                  1   N/I     0x1842     0x1842   .absSeg112
.abs_section_1844                  1   N/I     0x1844     0x1844   .absSeg113
.abs_section_1845                  1   N/I     0x1845     0x1845   .absSeg114
.abs_section_1846                  1   N/I     0x1846     0x1846   .absSeg115
.abs_section_1848                  1   N/I     0x1848     0x1848   .absSeg116
.abs_section_1849                  1   N/I     0x1849     0x1849   .absSeg117
.abs_section_184a                  1   N/I     0x184A     0x184A   .absSeg118
.abs_section_184c                  1   N/I     0x184C     0x184C   .absSeg119
.abs_section_184d                  1   N/I     0x184D     0x184D   .absSeg120
.abs_section_184e                  1   N/I     0x184E     0x184E   .absSeg121
.abs_section_1850                  1   N/I     0x1850     0x1850   .absSeg122
.abs_section_1851                  1   N/I     0x1851     0x1851   .absSeg123
.abs_section_1852                  1   N/I     0x1852     0x1852   .absSeg124
.abs_section_1854                  1   N/I     0x1854     0x1854   .absSeg125
.abs_section_1855                  1   N/I     0x1855     0x1855   .absSeg126
.abs_section_1856                  1   N/I     0x1856     0x1856   .absSeg127
.abs_section_1858                  1   N/I     0x1858     0x1858   .absSeg128
.abs_section_1859                  1   N/I     0x1859     0x1859   .absSeg129
.abs_section_185a                  1   N/I     0x185A     0x185A   .absSeg130
.abs_section_185c                  1   N/I     0x185C     0x185C   .absSeg131
.abs_section_185d                  1   N/I     0x185D     0x185D   .absSeg132
.abs_section_185e                  1   N/I     0x185E     0x185E   .absSeg133
.abs_section_1860                  1   N/I     0x1860     0x1860   .absSeg134
.abs_section_1861                  1   N/I     0x1861     0x1861   .absSeg135
.abs_section_1862                  1   N/I     0x1862     0x1862   .absSeg136
.abs_section_1868                  1   N/I     0x1868     0x1868   .absSeg137
.abs_section_1869                  1   N/I     0x1869     0x1869   .absSeg138
.abs_section_186a                  1   N/I     0x186A     0x186A   .absSeg139
.abs_section_186b                  1   N/I     0x186B     0x186B   .absSeg140
.abs_section_186c                  1   N/I     0x186C     0x186C   .absSeg141
.abs_section_186d                  1   N/I     0x186D     0x186D   .absSeg142
.abs_section_1872                  1   N/I     0x1872     0x1872   .absSeg143
.abs_section_1873                  1   N/I     0x1873     0x1873   .absSeg144
.abs_section_1874                  1   N/I     0x1874     0x1874   .absSeg145
.abs_section_1875                  1   N/I     0x1875     0x1875   .absSeg146
.abs_section_1876                  1   N/I     0x1876     0x1876   .absSeg147
.abs_section_1877                  1   N/I     0x1877     0x1877   .absSeg148
.abs_section_1878                  1   N/I     0x1878     0x1878   .absSeg149
.abs_section_1879                  1   N/I     0x1879     0x1879   .absSeg150
.abs_section_187a                  1   N/I     0x187A     0x187A   .absSeg151
.abs_section_187b                  1   N/I     0x187B     0x187B   .absSeg152
.abs_section_187c                  1   N/I     0x187C     0x187C   .absSeg153
.abs_section_187d                  1   N/I     0x187D     0x187D   .absSeg154
.abs_section_12                    2   N/I       0x12       0x13   .absSeg155
.abs_section_14                    2   N/I       0x14       0x15   .absSeg156
.abs_section_20                    2   N/I       0x20       0x21   .absSeg157
.abs_section_41                    2   N/I       0x41       0x42   .absSeg158
.abs_section_43                    2   N/I       0x43       0x44   .absSeg159
.abs_section_46                    2   N/I       0x46       0x47   .absSeg160
.abs_section_49                    2   N/I       0x49       0x4A   .absSeg161
.abs_section_4c                    2   N/I       0x4C       0x4D   .absSeg162
.abs_section_51                    2   N/I       0x51       0x52   .absSeg163
.abs_section_53                    2   N/I       0x53       0x54   .absSeg164
.abs_section_56                    2   N/I       0x56       0x57   .absSeg165
.abs_section_59                    2   N/I       0x59       0x5A   .absSeg166
.abs_section_5c                    2   N/I       0x5C       0x5D   .absSeg167
.abs_section_61                    2   N/I       0x61       0x62   .absSeg168
.abs_section_63                    2   N/I       0x63       0x64   .absSeg169
.abs_section_66                    2   N/I       0x66       0x67   .absSeg170
.abs_section_69                    2   N/I       0x69       0x6A   .absSeg171
.abs_section_6c                    2   N/I       0x6C       0x6D   .absSeg172
.abs_section_6f                    2   N/I       0x6F       0x70   .absSeg173
.abs_section_72                    2   N/I       0x72       0x73   .absSeg174
.abs_section_75                    2   N/I       0x75       0x76   .absSeg175
.abs_section_1806                  2   N/I     0x1806     0x1807   .absSeg176
.abs_section_1810                  2   N/I     0x1810     0x1811   .absSeg177
.abs_section_1812                  2   N/I     0x1812     0x1813   .absSeg178
.abs_section_1814                  2   N/I     0x1814     0x1815   .absSeg179
.abs_section_1816                  2   N/I     0x1816     0x1817   .absSeg180
.abs_section_1870                  2   N/I     0x1870     0x1871   .absSeg181
.abs_section_ffc0                 64     R     0xFFC0     0xFFFF   .absSeg182
.bss                              40   R/W       0xBE       0xE5   RAM
.startData                        18     R     0x2190     0x21A1   ROM
.init                            272     R     0x2080     0x218F   ROM
.common                           30   R/W       0xE6      0x103   RAM
.stack                           512   R/W      0x104      0x303   RAM
.copy                             36     R     0x2BE2     0x2C05   ROM

Summary of section sizes per section type:
READ_ONLY (R):         BC8 (dec:     3016)
READ_WRITE (R/W):      264 (dec:      612)
NO_INIT (N/I):          CF (dec:      207)

*********************************************************************************************
VECTOR-ALLOCATION SECTION
    Address     InitValue   InitFunction
---------------------------------------------------------------------------------------------

*********************************************************************************************
OBJECT-ALLOCATION SECTION
     Name               Module                 Addr   hSize   dSize     Ref    Section   RLIB
---------------------------------------------------------------------------------------------
MODULE:                 -- Estacion_Metereologica_c.obj --
- PROCEDURES:
     Convertir_Dato_Serial                     21A2      3F      63       5   .text       
- VARIABLES:
     Dato_0x01                                   BE       1       1       1   .bss        
MODULE:                 -- Events_c.obj --
- PROCEDURES:
     S1_OnRxChar                               21E1      E8     232       2   .text       
     Int_Anemometro_1                          22C9      4A      74       1   .text       
     S2_OnRxChar                               2313       1       1       1   .text       
     S2_OnFullRxBuf                            2314      31      49       1   .text       
     Medicion_Lista_ADC                        2345      36      54       1   .text       
     Int_Anemometro_2                          237B      4A      74       1   .text       
- VARIABLES:
     Temp_Amb                                    A0       5       5       2   .data       
     Temp_Suelo                                  A5       5       5       2   .data       
     Humedad_Suelo                               AA       5       5       2   .data       
     Luz                                         AF       5       5       2   .data       
     Tiempo_Anemometro_1                         B4       5       5       2   .data       
     Tiempo_Anemometro_2                         B9       5       5       2   .data       
     Med_1                                       BF       1       1       4   .bss        
     Med_2                                       C0       1       1       4   .bss        
     Tiempo_1                                    E6       2       2       1   .common     
     Tiempo_2                                    E8       2       2       1   .common     
     Temperatura_Suelo                           EA       2       2       3   .common     
     Humed_Suelo                                 EC       2       2       3   .common     
     Luminosidad                                 EE       2       2       3   .common     
     Enviado                                     F0       2       2       4   .common     
     Recibido                                    F2       2       2       1   .common     
     cCodError                                   F4       1       1       1   .common     
MODULE:                 -- ProcessorExpert_c.obj --
- PROCEDURES:
     main                                      23C5      2F      47       1   .text       
- VARIABLES:
     tiempo_OK                                   C1       1       1       6   .bss        
MODULE:                 -- start08_c.obj --
- PROCEDURES:
     loadByte                                  23F4       E      14       5   .text       
     Init                                      2402      6D     109       1   .text       
     _Startup                                  246F       9       9       1   .text       
- VARIABLES:
     _startupData                              2190       6       6       4   .startData  
- LABELS:
     __SEG_END_SSTACK                           304       0       0       1               
MODULE:                 -- AD1_c.obj --
- PROCEDURES:
     AD1_Interrupt                             2478      88     136       1   .text       
     ClrSumV                                   2500       C      12       1   .text       
     AD1_HWEnDi                                250C      42      66       4   .text       
     AD1_Enable                                254E       E      14       2   .text       
     AD1_Disable                               255C       D      13       1   .text       
     AD1_Measure                               2569      27      39       1   .text       
     AD1_GetChanValue16                        2590      36      54       3   .text       
     AD1_Init                                  25C6      1A      26       1   .text       
- VARIABLES:
     Table                                     2BDC       3       3       3   .rodata     
     Channels                                  2BDF       3       3       2   .rodata     
     EnUser                                      C2       1       1       7   .bss        
     OutFlg                                      C3       1       1       8   .bss        
     SumChan                                     C4       1       1      12   .bss        
     ModeFlg                                     C5       1       1       8   .bss        
     AD1_EnEvent                                 F5       1       1       3   .common     
     AD1_OutV                                    F6       6       6      12   .common     
MODULE:                 -- Cpu_c.obj --
- PROCEDURES:
     Cpu__ivVkeyboard                          2080      13      19       1   .init       
     Cpu_Interrupt                             2093       4       4      23   .init       
     _EntryPoint                               2097      44      68       1   .init       
     PE_low_level_init                         20DB      B5     181       1   .init       
- VARIABLES:
     NVPROT_INIT                               FFBD       1       1       0   .abs_section_ffbd
     NVOPT_INIT                                FFBF       1       1       0   .abs_section_ffbf
     CCR_reg                                     FC       1       1      14   .common     
     CCR_lock                                    FD       1       1      26   .common     
MODULE:                 -- IO_Map_c.obj --
- PROCEDURES:
- VARIABLES:
     _PTAD                                        0       1       1       1   .abs_section_0
     _PTADD                                       1       1       1       1   .abs_section_1
     _PTBD                                        2       1       1       2   .abs_section_2
     _PTBDD                                       3       1       1       2   .abs_section_3
     _PTCD                                        4       1       1       6   .abs_section_4
     _PTCDD                                       5       1       1       2   .abs_section_5
     _PTDD                                        6       1       1       0   .abs_section_6
     _PTDDD                                       7       1       1       1   .abs_section_7
     _PTED                                        8       1       1       0   .abs_section_8
     _PTEDD                                       9       1       1       0   .abs_section_9
     _PTFD                                        A       1       1       0   .abs_section_a
     _PTFDD                                       B       1       1       0   .abs_section_b
     _KBI1SC                                      C       1       1      11   .abs_section_c
     _KBI1PE                                      D       1       1       1   .abs_section_d
     _KBI1ES                                      E       1       1       0   .abs_section_e
     _IRQSC                                       F       1       1       0   .abs_section_f
     _ADCSC1                                     10       1       1       4   .abs_section_10
     _ADCSC2                                     11       1       1       1   .abs_section_11
     _ADCCFG                                     16       1       1       1   .abs_section_16
     _APCTL1                                     17       1       1       1   .abs_section_17
     _APCTL2                                     18       1       1       2   .abs_section_18
     _APCTL3                                     19       1       1       0   .abs_section_19
     _ACMP1SC                                    1A       1       1       0   .abs_section_1a
     _ACMP2SC                                    1B       1       1       0   .abs_section_1b
     _PTGD                                       1C       1       1       0   .abs_section_1c
     _PTGDD                                      1D       1       1       0   .abs_section_1d
     _PTHD                                       1E       1       1       0   .abs_section_1e
     _PTHDD                                      1F       1       1       0   .abs_section_1f
     _SCI1C1                                     22       1       1       1   .abs_section_22
     _SCI1C2                                     23       1       1       6   .abs_section_23
     _SCI1S1                                     24       1       1       3   .abs_section_24
     _SCI1S2                                     25       1       1       1   .abs_section_25
     _SCI1C3                                     26       1       1       3   .abs_section_26
     _SCI1D                                      27       1       1       3   .abs_section_27
     _SPI1C1                                     28       1       1       0   .abs_section_28
     _SPI1C2                                     29       1       1       0   .abs_section_29
     _SPI1BR                                     2A       1       1       0   .abs_section_2a
     _SPI1S                                      2B       1       1       0   .abs_section_2b
     _SPI1D                                      2D       1       1       0   .abs_section_2d
     _PTJD                                       2E       1       1       0   .abs_section_2e
     _PTJDD                                      2F       1       1       0   .abs_section_2f
     _IIC1A                                      30       1       1       0   .abs_section_30
     _IIC1F                                      31       1       1       0   .abs_section_31
     _IIC1C1                                     32       1       1       0   .abs_section_32
     _IIC1S                                      33       1       1       0   .abs_section_33
     _IIC1D                                      34       1       1       0   .abs_section_34
     _IIC1C2                                     35       1       1       0   .abs_section_35
     _ICSC1                                      38       1       1       1   .abs_section_38
     _ICSC2                                      39       1       1       1   .abs_section_39
     _ICSTRM                                     3A       1       1       1   .abs_section_3a
     _ICSSC                                      3B       1       1       5   .abs_section_3b
     _KBI2SC                                     3C       1       1      11   .abs_section_3c
     _KBI2PE                                     3D       1       1       1   .abs_section_3d
     _KBI2ES                                     3E       1       1       0   .abs_section_3e
     _TPM1SC                                     40       1       1       4   .abs_section_40
     _TPM1C0SC                                   45       1       1       0   .abs_section_45
     _TPM1C1SC                                   48       1       1       1   .abs_section_48
     _TPM1C2SC                                   4B       1       1       0   .abs_section_4b
     _TPM2SC                                     50       1       1       4   .abs_section_50
     _TPM2C0SC                                   55       1       1       1   .abs_section_55
     _TPM2C1SC                                   58       1       1       0   .abs_section_58
     _TPM2C2SC                                   5B       1       1       0   .abs_section_5b
     _TPM3SC                                     60       1       1       2   .abs_section_60
     _TPM3C0SC                                   65       1       1       1   .abs_section_65
     _TPM3C1SC                                   68       1       1       0   .abs_section_68
     _TPM3C2SC                                   6B       1       1       0   .abs_section_6b
     _TPM3C3SC                                   6E       1       1       0   .abs_section_6e
     _TPM3C4SC                                   71       1       1       0   .abs_section_71
     _TPM3C5SC                                   74       1       1       0   .abs_section_74
     _PPAGE                                      78       1       1       0   .abs_section_78
     _LAP2                                       79       1       1       0   .abs_section_79
     _LAP1                                       7A       1       1       0   .abs_section_7a
     _LAP0                                       7B       1       1       0   .abs_section_7b
     _LWP                                        7C       1       1       0   .abs_section_7c
     _LBP                                        7D       1       1       0   .abs_section_7d
     _LB                                         7E       1       1       0   .abs_section_7e
     _LAPAB                                      7F       1       1       0   .abs_section_7f
     _SRS                                      1800       1       1       0   .abs_section_1800
     _SBDFR                                    1801       1       1       0   .abs_section_1801
     _SOPT1                                    1802       1       1       1   .abs_section_1802
     _SOPT2                                    1803       1       1       0   .abs_section_1803
     _SPMSC1                                   1808       1       1       1   .abs_section_1808
     _SPMSC2                                   1809       1       1       1   .abs_section_1809
     _SPMSC3                                   180B       1       1       2   .abs_section_180b
     _SCGC1                                    180E       1       1       1   .abs_section_180e
     _SCGC2                                    180F       1       1       1   .abs_section_180f
     _DBGCAX                                   1818       1       1       0   .abs_section_1818
     _DBGCBX                                   1819       1       1       0   .abs_section_1819
     _DBGCCX                                   181A       1       1       0   .abs_section_181a
     _DBGFX                                    181B       1       1       0   .abs_section_181b
     _DBGC                                     181C       1       1       0   .abs_section_181c
     _DBGT                                     181D       1       1       0   .abs_section_181d
     _DBGS                                     181E       1       1       0   .abs_section_181e
     _DBGCNT                                   181F       1       1       0   .abs_section_181f
     _FCDIV                                    1820       1       1       0   .abs_section_1820
     _FOPT                                     1821       1       1       0   .abs_section_1821
     _FCNFG                                    1823       1       1       0   .abs_section_1823
     _FPROT                                    1824       1       1       0   .abs_section_1824
     _FSTAT                                    1825       1       1       0   .abs_section_1825
     _FCMD                                     1826       1       1       0   .abs_section_1826
     _RTCSC                                    1830       1       1       2   .abs_section_1830
     _RTCCNT                                   1831       1       1       0   .abs_section_1831
     _RTCMOD                                   1832       1       1       1   .abs_section_1832
     _SPI2C1                                   1838       1       1       0   .abs_section_1838
     _SPI2C2                                   1839       1       1       0   .abs_section_1839
     _SPI2BR                                   183A       1       1       0   .abs_section_183a
     _SPI2S                                    183B       1       1       0   .abs_section_183b
     _SPI2D                                    183D       1       1       0   .abs_section_183d
     _PTAPE                                    1840       1       1       0   .abs_section_1840
     _PTASE                                    1841       1       1       1   .abs_section_1841
     _PTADS                                    1842       1       1       1   .abs_section_1842
     _PTBPE                                    1844       1       1       1   .abs_section_1844
     _PTBSE                                    1845       1       1       1   .abs_section_1845
     _PTBDS                                    1846       1       1       1   .abs_section_1846
     _PTCPE                                    1848       1       1       1   .abs_section_1848
     _PTCSE                                    1849       1       1       1   .abs_section_1849
     _PTCDS                                    184A       1       1       1   .abs_section_184a
     _PTDPE                                    184C       1       1       1   .abs_section_184c
     _PTDSE                                    184D       1       1       1   .abs_section_184d
     _PTDDS                                    184E       1       1       1   .abs_section_184e
     _PTEPE                                    1850       1       1       0   .abs_section_1850
     _PTESE                                    1851       1       1       1   .abs_section_1851
     _PTEDS                                    1852       1       1       1   .abs_section_1852
     _PTFPE                                    1854       1       1       0   .abs_section_1854
     _PTFSE                                    1855       1       1       1   .abs_section_1855
     _PTFDS                                    1856       1       1       1   .abs_section_1856
     _PTGPE                                    1858       1       1       0   .abs_section_1858
     _PTGSE                                    1859       1       1       1   .abs_section_1859
     _PTGDS                                    185A       1       1       1   .abs_section_185a
     _PTHPE                                    185C       1       1       0   .abs_section_185c
     _PTHSE                                    185D       1       1       1   .abs_section_185d
     _PTHDS                                    185E       1       1       1   .abs_section_185e
     _PTJPE                                    1860       1       1       0   .abs_section_1860
     _PTJSE                                    1861       1       1       1   .abs_section_1861
     _PTJDS                                    1862       1       1       1   .abs_section_1862
     _IIC2A                                    1868       1       1       0   .abs_section_1868
     _IIC2F                                    1869       1       1       0   .abs_section_1869
     _IIC2C1                                   186A       1       1       0   .abs_section_186a
     _IIC2S                                    186B       1       1       0   .abs_section_186b
     _IIC2D                                    186C       1       1       0   .abs_section_186c
     _IIC2C2                                   186D       1       1       0   .abs_section_186d
     _SCI2C1                                   1872       1       1       1   .abs_section_1872
     _SCI2C2                                   1873       1       1       5   .abs_section_1873
     _SCI2S1                                   1874       1       1       3   .abs_section_1874
     _SCI2S2                                   1875       1       1       1   .abs_section_1875
     _SCI2C3                                   1876       1       1       1   .abs_section_1876
     _SCI2D                                    1877       1       1       3   .abs_section_1877
     _PTCSET                                   1878       1       1       0   .abs_section_1878
     _PTESET                                   1879       1       1       0   .abs_section_1879
     _PTCCLR                                   187A       1       1       0   .abs_section_187a
     _PTECLR                                   187B       1       1       0   .abs_section_187b
     _PTCTOG                                   187C       1       1       0   .abs_section_187c
     _PTETOG                                   187D       1       1       0   .abs_section_187d
     _ADCR                                       12       2       2       3   .abs_section_12
     _ADCCV                                      14       2       2       0   .abs_section_14
     _SCI1BD                                     20       2       2       2   .abs_section_20
     _TPM1CNT                                    41       2       2       1   .abs_section_41
     _TPM1MOD                                    43       2       2       1   .abs_section_43
     _TPM1C0V                                    46       2       2       0   .abs_section_46
     _TPM1C1V                                    49       2       2       1   .abs_section_49
     _TPM1C2V                                    4C       2       2       0   .abs_section_4c
     _TPM2CNT                                    51       2       2       1   .abs_section_51
     _TPM2MOD                                    53       2       2       1   .abs_section_53
     _TPM2C0V                                    56       2       2       1   .abs_section_56
     _TPM2C1V                                    59       2       2       0   .abs_section_59
     _TPM2C2V                                    5C       2       2       0   .abs_section_5c
     _TPM3CNT                                    61       2       2       5   .abs_section_61
     _TPM3MOD                                    63       2       2       1   .abs_section_63
     _TPM3C0V                                    66       2       2       1   .abs_section_66
     _TPM3C1V                                    69       2       2       0   .abs_section_69
     _TPM3C2V                                    6C       2       2       0   .abs_section_6c
     _TPM3C3V                                    6F       2       2       0   .abs_section_6f
     _TPM3C4V                                    72       2       2       0   .abs_section_72
     _TPM3C5V                                    75       2       2       0   .abs_section_75
     _SDID                                     1806       2       2       0   .abs_section_1806
     _DBGCA                                    1810       2       2       0   .abs_section_1810
     _DBGCB                                    1812       2       2       0   .abs_section_1812
     _DBGCC                                    1814       2       2       0   .abs_section_1814
     _DBGF                                     1816       2       2       0   .abs_section_1816
     _SCI2BD                                   1870       2       2       2   .abs_section_1870
MODULE:                 -- S1_c.obj --
- PROCEDURES:
     S1_RecvChar                               25E0      65     101       1   .text       
     S1_SendBlock                              2645      8A     138       4   .text       
     S1_ClearRxBuf                             26CF      32      50       5   .text       
     S1_ClearTxBuf                             2701      2A      42       5   .text       
     S1_InterruptRx                            272B      4E      78       1   .text       
     S1_InterruptTx                            2779      38      56       1   .text       
     S1_InterruptError                         27B1       E      14       1   .text       
     S1_Init                                   27BF      38      56       1   .text       
- VARIABLES:
     SerFlag                                     C6       1       1      10   .bss        
     EnUser                                      C7       1       1       2   .bss        
     InpIndxR                                    C8       1       1       6   .bss        
     InpIndxW                                    C9       1       1       6   .bss        
     InpBuffer                                   CA       5       5       2   .bss        
     OutIndxR                                    CF       1       1       6   .bss        
     OutIndxW                                    D0       1       1       6   .bss        
     OutBuffer                                   D1       5       5       2   .bss        
     S1_EnEvent                                  FE       1       1       5   .common     
     S1_InpLen                                   FF       1       1       6   .common     
     S1_OutLen                                  100       1       1       6   .common     
MODULE:                 -- S1_LED_c.obj --
- PROCEDURES:
     S1_LED_PutVal                             27F7       D      13       6   .text       
- VARIABLES:
MODULE:                 -- S2_c.obj --
- PROCEDURES:
     S2_RecvChar                               2804      65     101       1   .text       
     S2_SendChar                               2869      51      81       1   .text       
     S2_RecvBlock                              28BA      56      86       1   .text       
     S2_ClearRxBuf                             2910      32      50       2   .text       
     S2_InterruptRx                            2942      63      99       1   .text       
     S2_InterruptTx                            29A5      34      52       1   .text       
     S2_InterruptError                         29D9      10      16       1   .text       
     S2_Init                                   29E9      3F      63       1   .text       
- VARIABLES:
     SerFlag                                     D6       1       1      10   .bss        
     EnUser                                      D7       1       1       2   .bss        
     InpIndxR                                    D8       1       1       6   .bss        
     InpIndxW                                    D9       1       1       6   .bss        
     InpBuffer                                   DA       5       5       2   .bss        
     OutIndxR                                    DF       1       1       3   .bss        
     OutIndxW                                    E0       1       1       3   .bss        
     OutBuffer                                   E1       1       1       2   .bss        
     S2_EnEvent                                 101       1       1       5   .common     
     S2_InpLen                                  102       1       1       7   .common     
     S2_OutLen                                  103       1       1       5   .common     
MODULE:                 -- S2_LED_c.obj --
- PROCEDURES:
     S2_LED_PutVal                             2A28       D      13       3   .text       
- VARIABLES:
MODULE:                 -- Senal_25u_c.obj --
- PROCEDURES:
     SetRatio                                  2A35      89     137       2   .text       
     Senal_25u_Enable                          2ABE       5       5       1   .text       
     Senal_25u_Disable                         2AC3       6       6       3   .text       
     Senal_25u_SetRatio16                      2AC9       8       8       1   .text       
     Senal_25u_Init                            2AD1      17      23       1   .text       
- VARIABLES:
     ActualRatio                                 E2       2       2       7   .bss        
MODULE:                 -- Senal_25u_2_c.obj --
- PROCEDURES:
     SetRatio                                  2AE8      89     137       1   .text       
     Senal_25u_2_Enable                        2B71       5       5       1   .text       
     Senal_25u_2_Disable                       2B76       6       6       3   .text       
     Senal_25u_2_Init                          2B7C      17      23       1   .text       
- VARIABLES:
     ActualRatio                                 E4       2       2       6   .bss        
MODULE:                 -- Tiempo_c.obj --
- PROCEDURES:
     Tiempo_Init                               2B93      14      20       1   .text       
- VARIABLES:
MODULE:                 -- Tiempo_2_c.obj --
- PROCEDURES:
     HWEnDi                                    2BA7       6       6       1   .text       
     Tiempo_2_Init                             2BAD       B      11       1   .text       
- VARIABLES:
MODULE:                 -- Vectors_c.obj --
- PROCEDURES:
- VARIABLES:
     _vect                                     FFC0      40      64       0   .abs_section_ffc0
MODULE:                 -- rtshc08.c.o (ansifs.lib) --
- PROCEDURES:
     _Jump_Table_Header_Offset                 2BB8      24      36       1   .text       
- VARIABLES:

*********************************************************************************************
MODULE STATISTIC
  Name                                      Data   Code  Const
---------------------------------------------------------------------------------------------
  Estacion_Metereologica_c.obj                 1     63      0
  Events_c.obj                                47    484      0
  ProcessorExpert_c.obj                        1     47      0
  start08_c.obj                                0    132      0
  AD1_c.obj                                   11    360      6
  Cpu_c.obj                                    2    272      2
  IO_Map_c.obj                               207      0      0
  S1_c.obj                                    19    535      0
  S1_LED_c.obj                                 0     13      0
  S2_c.obj                                    15    548      0
  S2_LED_c.obj                                 0     13      0
  Senal_25u_c.obj                              2    179      0
  Senal_25u_2_c.obj                            2    171      0
  Tiempo_c.obj                                 0     20      0
  Tiempo_2_c.obj                               0     17      0
  Vectors_c.obj                                0      0     64
  rtshc08.c.o (ansifs.lib)                     0     36      0
  other                                      512     18     36

*********************************************************************************************
SECTION USE IN OBJECT-ALLOCATION SECTION
---------------------------------------------------------------------------------------------
SECTION: ".text"
  Convertir_Dato_Serial S1_OnRxChar Int_Anemometro_1 S2_OnRxChar 
  S2_OnFullRxBuf Medicion_Lista_ADC Int_Anemometro_2 main loadByte Init 
  _Startup AD1_Interrupt ClrSumV AD1_HWEnDi AD1_Enable AD1_Disable AD1_Measure 
  AD1_GetChanValue16 AD1_Init S1_RecvChar S1_SendBlock S1_ClearRxBuf 
  S1_ClearTxBuf S1_InterruptRx S1_InterruptTx S1_InterruptError S1_Init 
  S1_LED_PutVal S2_RecvChar S2_SendChar S2_RecvBlock S2_ClearRxBuf 
  S2_InterruptRx S2_InterruptTx S2_InterruptError S2_Init S2_LED_PutVal 
  SetRatio Senal_25u_Enable Senal_25u_Disable Senal_25u_SetRatio16 
  Senal_25u_Init SetRatio Senal_25u_2_Enable Senal_25u_2_Disable 
  Senal_25u_2_Init Tiempo_Init HWEnDi Tiempo_2_Init _Jump_Table_Header_Offset 
SECTION: ".data"
  Temp_Amb Temp_Suelo Humedad_Suelo Luz Tiempo_Anemometro_1 
  Tiempo_Anemometro_2 
SECTION: ".bss"
  Dato_0x01 Med_1 Med_2 tiempo_OK EnUser OutFlg SumChan ModeFlg SerFlag EnUser 
  InpIndxR InpIndxW InpBuffer OutIndxR OutIndxW OutBuffer SerFlag EnUser 
  InpIndxR InpIndxW InpBuffer OutIndxR OutIndxW OutBuffer ActualRatio 
  ActualRatio 
SECTION: ".init"
  Cpu__ivVkeyboard Cpu_Interrupt _EntryPoint PE_low_level_init 
SECTION: ".rodata"
  Table Channels 
SECTION: ".common"
  Tiempo_1 Tiempo_2 Temperatura_Suelo Humed_Suelo Luminosidad Enviado Recibido 
  cCodError AD1_EnEvent AD1_OutV CCR_reg CCR_lock S1_EnEvent S1_InpLen 
  S1_OutLen S2_EnEvent S2_InpLen S2_OutLen 
SECTION: ".abs_section_ffbd"
  NVPROT_INIT 
SECTION: ".abs_section_ffbf"
  NVOPT_INIT 
SECTION: ".abs_section_0"
  _PTAD 
SECTION: ".abs_section_1"
  _PTADD 
SECTION: ".abs_section_2"
  _PTBD 
SECTION: ".abs_section_3"
  _PTBDD 
SECTION: ".abs_section_4"
  _PTCD 
SECTION: ".abs_section_5"
  _PTCDD 
SECTION: ".abs_section_6"
  _PTDD 
SECTION: ".abs_section_7"
  _PTDDD 
SECTION: ".abs_section_8"
  _PTED 
SECTION: ".abs_section_9"
  _PTEDD 
SECTION: ".abs_section_a"
  _PTFD 
SECTION: ".abs_section_b"
  _PTFDD 
SECTION: ".abs_section_c"
  _KBI1SC 
SECTION: ".abs_section_d"
  _KBI1PE 
SECTION: ".abs_section_e"
  _KBI1ES 
SECTION: ".abs_section_f"
  _IRQSC 
SECTION: ".abs_section_10"
  _ADCSC1 
SECTION: ".abs_section_11"
  _ADCSC2 
SECTION: ".abs_section_16"
  _ADCCFG 
SECTION: ".abs_section_17"
  _APCTL1 
SECTION: ".abs_section_18"
  _APCTL2 
SECTION: ".abs_section_19"
  _APCTL3 
SECTION: ".abs_section_1a"
  _ACMP1SC 
SECTION: ".abs_section_1b"
  _ACMP2SC 
SECTION: ".abs_section_1c"
  _PTGD 
SECTION: ".abs_section_1d"
  _PTGDD 
SECTION: ".abs_section_1e"
  _PTHD 
SECTION: ".abs_section_1f"
  _PTHDD 
SECTION: ".abs_section_22"
  _SCI1C1 
SECTION: ".abs_section_23"
  _SCI1C2 
SECTION: ".abs_section_24"
  _SCI1S1 
SECTION: ".abs_section_25"
  _SCI1S2 
SECTION: ".abs_section_26"
  _SCI1C3 
SECTION: ".abs_section_27"
  _SCI1D 
SECTION: ".abs_section_28"
  _SPI1C1 
SECTION: ".abs_section_29"
  _SPI1C2 
SECTION: ".abs_section_2a"
  _SPI1BR 
SECTION: ".abs_section_2b"
  _SPI1S 
SECTION: ".abs_section_2d"
  _SPI1D 
SECTION: ".abs_section_2e"
  _PTJD 
SECTION: ".abs_section_2f"
  _PTJDD 
SECTION: ".abs_section_30"
  _IIC1A 
SECTION: ".abs_section_31"
  _IIC1F 
SECTION: ".abs_section_32"
  _IIC1C1 
SECTION: ".abs_section_33"
  _IIC1S 
SECTION: ".abs_section_34"
  _IIC1D 
SECTION: ".abs_section_35"
  _IIC1C2 
SECTION: ".abs_section_38"
  _ICSC1 
SECTION: ".abs_section_39"
  _ICSC2 
SECTION: ".abs_section_3a"
  _ICSTRM 
SECTION: ".abs_section_3b"
  _ICSSC 
SECTION: ".abs_section_3c"
  _KBI2SC 
SECTION: ".abs_section_3d"
  _KBI2PE 
SECTION: ".abs_section_3e"
  _KBI2ES 
SECTION: ".abs_section_40"
  _TPM1SC 
SECTION: ".abs_section_45"
  _TPM1C0SC 
SECTION: ".abs_section_48"
  _TPM1C1SC 
SECTION: ".abs_section_4b"
  _TPM1C2SC 
SECTION: ".abs_section_50"
  _TPM2SC 
SECTION: ".abs_section_55"
  _TPM2C0SC 
SECTION: ".abs_section_58"
  _TPM2C1SC 
SECTION: ".abs_section_5b"
  _TPM2C2SC 
SECTION: ".abs_section_60"
  _TPM3SC 
SECTION: ".abs_section_65"
  _TPM3C0SC 
SECTION: ".abs_section_68"
  _TPM3C1SC 
SECTION: ".abs_section_6b"
  _TPM3C2SC 
SECTION: ".abs_section_6e"
  _TPM3C3SC 
SECTION: ".abs_section_71"
  _TPM3C4SC 
SECTION: ".abs_section_74"
  _TPM3C5SC 
SECTION: ".abs_section_78"
  _PPAGE 
SECTION: ".abs_section_79"
  _LAP2 
SECTION: ".abs_section_7a"
  _LAP1 
SECTION: ".abs_section_7b"
  _LAP0 
SECTION: ".abs_section_7c"
  _LWP 
SECTION: ".abs_section_7d"
  _LBP 
SECTION: ".abs_section_7e"
  _LB 
SECTION: ".abs_section_7f"
  _LAPAB 
SECTION: ".abs_section_1800"
  _SRS 
SECTION: ".abs_section_1801"
  _SBDFR 
SECTION: ".abs_section_1802"
  _SOPT1 
SECTION: ".abs_section_1803"
  _SOPT2 
SECTION: ".abs_section_1808"
  _SPMSC1 
SECTION: ".abs_section_1809"
  _SPMSC2 
SECTION: ".abs_section_180b"
  _SPMSC3 
SECTION: ".abs_section_180e"
  _SCGC1 
SECTION: ".abs_section_180f"
  _SCGC2 
SECTION: ".abs_section_1818"
  _DBGCAX 
SECTION: ".abs_section_1819"
  _DBGCBX 
SECTION: ".abs_section_181a"
  _DBGCCX 
SECTION: ".abs_section_181b"
  _DBGFX 
SECTION: ".abs_section_181c"
  _DBGC 
SECTION: ".abs_section_181d"
  _DBGT 
SECTION: ".abs_section_181e"
  _DBGS 
SECTION: ".abs_section_181f"
  _DBGCNT 
SECTION: ".abs_section_1820"
  _FCDIV 
SECTION: ".abs_section_1821"
  _FOPT 
SECTION: ".abs_section_1823"
  _FCNFG 
SECTION: ".abs_section_1824"
  _FPROT 
SECTION: ".abs_section_1825"
  _FSTAT 
SECTION: ".abs_section_1826"
  _FCMD 
SECTION: ".abs_section_1830"
  _RTCSC 
SECTION: ".abs_section_1831"
  _RTCCNT 
SECTION: ".abs_section_1832"
  _RTCMOD 
SECTION: ".abs_section_1838"
  _SPI2C1 
SECTION: ".abs_section_1839"
  _SPI2C2 
SECTION: ".abs_section_183a"
  _SPI2BR 
SECTION: ".abs_section_183b"
  _SPI2S 
SECTION: ".abs_section_183d"
  _SPI2D 
SECTION: ".abs_section_1840"
  _PTAPE 
SECTION: ".abs_section_1841"
  _PTASE 
SECTION: ".abs_section_1842"
  _PTADS 
SECTION: ".abs_section_1844"
  _PTBPE 
SECTION: ".abs_section_1845"
  _PTBSE 
SECTION: ".abs_section_1846"
  _PTBDS 
SECTION: ".abs_section_1848"
  _PTCPE 
SECTION: ".abs_section_1849"
  _PTCSE 
SECTION: ".abs_section_184a"
  _PTCDS 
SECTION: ".abs_section_184c"
  _PTDPE 
SECTION: ".abs_section_184d"
  _PTDSE 
SECTION: ".abs_section_184e"
  _PTDDS 
SECTION: ".abs_section_1850"
  _PTEPE 
SECTION: ".abs_section_1851"
  _PTESE 
SECTION: ".abs_section_1852"
  _PTEDS 
SECTION: ".abs_section_1854"
  _PTFPE 
SECTION: ".abs_section_1855"
  _PTFSE 
SECTION: ".abs_section_1856"
  _PTFDS 
SECTION: ".abs_section_1858"
  _PTGPE 
SECTION: ".abs_section_1859"
  _PTGSE 
SECTION: ".abs_section_185a"
  _PTGDS 
SECTION: ".abs_section_185c"
  _PTHPE 
SECTION: ".abs_section_185d"
  _PTHSE 
SECTION: ".abs_section_185e"
  _PTHDS 
SECTION: ".abs_section_1860"
  _PTJPE 
SECTION: ".abs_section_1861"
  _PTJSE 
SECTION: ".abs_section_1862"
  _PTJDS 
SECTION: ".abs_section_1868"
  _IIC2A 
SECTION: ".abs_section_1869"
  _IIC2F 
SECTION: ".abs_section_186a"
  _IIC2C1 
SECTION: ".abs_section_186b"
  _IIC2S 
SECTION: ".abs_section_186c"
  _IIC2D 
SECTION: ".abs_section_186d"
  _IIC2C2 
SECTION: ".abs_section_1872"
  _SCI2C1 
SECTION: ".abs_section_1873"
  _SCI2C2 
SECTION: ".abs_section_1874"
  _SCI2S1 
SECTION: ".abs_section_1875"
  _SCI2S2 
SECTION: ".abs_section_1876"
  _SCI2C3 
SECTION: ".abs_section_1877"
  _SCI2D 
SECTION: ".abs_section_1878"
  _PTCSET 
SECTION: ".abs_section_1879"
  _PTESET 
SECTION: ".abs_section_187a"
  _PTCCLR 
SECTION: ".abs_section_187b"
  _PTECLR 
SECTION: ".abs_section_187c"
  _PTCTOG 
SECTION: ".abs_section_187d"
  _PTETOG 
SECTION: ".abs_section_12"
  _ADCR 
SECTION: ".abs_section_14"
  _ADCCV 
SECTION: ".abs_section_20"
  _SCI1BD 
SECTION: ".abs_section_41"
  _TPM1CNT 
SECTION: ".abs_section_43"
  _TPM1MOD 
SECTION: ".abs_section_46"
  _TPM1C0V 
SECTION: ".abs_section_49"
  _TPM1C1V 
SECTION: ".abs_section_4c"
  _TPM1C2V 
SECTION: ".abs_section_51"
  _TPM2CNT 
SECTION: ".abs_section_53"
  _TPM2MOD 
SECTION: ".abs_section_56"
  _TPM2C0V 
SECTION: ".abs_section_59"
  _TPM2C1V 
SECTION: ".abs_section_5c"
  _TPM2C2V 
SECTION: ".abs_section_61"
  _TPM3CNT 
SECTION: ".abs_section_63"
  _TPM3MOD 
SECTION: ".abs_section_66"
  _TPM3C0V 
SECTION: ".abs_section_69"
  _TPM3C1V 
SECTION: ".abs_section_6c"
  _TPM3C2V 
SECTION: ".abs_section_6f"
  _TPM3C3V 
SECTION: ".abs_section_72"
  _TPM3C4V 
SECTION: ".abs_section_75"
  _TPM3C5V 
SECTION: ".abs_section_1806"
  _SDID 
SECTION: ".abs_section_1810"
  _DBGCA 
SECTION: ".abs_section_1812"
  _DBGCB 
SECTION: ".abs_section_1814"
  _DBGCC 
SECTION: ".abs_section_1816"
  _DBGF 
SECTION: ".abs_section_1870"
  _SCI2BD 
SECTION: ".abs_section_ffc0"
  _vect 

*********************************************************************************************
OBJECT LIST SORTED BY ADDRESS
     Name                                      Addr   hSize   dSize     Ref    Section   RLIB
---------------------------------------------------------------------------------------------
     _PTAD                                        0       1       1       1   .abs_section_0
     _PTADD                                       1       1       1       1   .abs_section_1
     _PTBD                                        2       1       1       2   .abs_section_2
     _PTBDD                                       3       1       1       2   .abs_section_3
     _PTCD                                        4       1       1       6   .abs_section_4
     _PTCDD                                       5       1       1       2   .abs_section_5
     _PTDD                                        6       1       1       0   .abs_section_6
     _PTDDD                                       7       1       1       1   .abs_section_7
     _PTED                                        8       1       1       0   .abs_section_8
     _PTEDD                                       9       1       1       0   .abs_section_9
     _PTFD                                        A       1       1       0   .abs_section_a
     _PTFDD                                       B       1       1       0   .abs_section_b
     _KBI1SC                                      C       1       1      11   .abs_section_c
     _KBI1PE                                      D       1       1       1   .abs_section_d
     _KBI1ES                                      E       1       1       0   .abs_section_e
     _IRQSC                                       F       1       1       0   .abs_section_f
     _ADCSC1                                     10       1       1       4   .abs_section_10
     _ADCSC2                                     11       1       1       1   .abs_section_11
     _ADCR                                       12       2       2       3   .abs_section_12
     _ADCCV                                      14       2       2       0   .abs_section_14
     _ADCCFG                                     16       1       1       1   .abs_section_16
     _APCTL1                                     17       1       1       1   .abs_section_17
     _APCTL2                                     18       1       1       2   .abs_section_18
     _APCTL3                                     19       1       1       0   .abs_section_19
     _ACMP1SC                                    1A       1       1       0   .abs_section_1a
     _ACMP2SC                                    1B       1       1       0   .abs_section_1b
     _PTGD                                       1C       1       1       0   .abs_section_1c
     _PTGDD                                      1D       1       1       0   .abs_section_1d
     _PTHD                                       1E       1       1       0   .abs_section_1e
     _PTHDD                                      1F       1       1       0   .abs_section_1f
     _SCI1BD                                     20       2       2       2   .abs_section_20
     _SCI1C1                                     22       1       1       1   .abs_section_22
     _SCI1C2                                     23       1       1       6   .abs_section_23
     _SCI1S1                                     24       1       1       3   .abs_section_24
     _SCI1S2                                     25       1       1       1   .abs_section_25
     _SCI1C3                                     26       1       1       3   .abs_section_26
     _SCI1D                                      27       1       1       3   .abs_section_27
     _SPI1C1                                     28       1       1       0   .abs_section_28
     _SPI1C2                                     29       1       1       0   .abs_section_29
     _SPI1BR                                     2A       1       1       0   .abs_section_2a
     _SPI1S                                      2B       1       1       0   .abs_section_2b
     _SPI1D                                      2D       1       1       0   .abs_section_2d
     _PTJD                                       2E       1       1       0   .abs_section_2e
     _PTJDD                                      2F       1       1       0   .abs_section_2f
     _IIC1A                                      30       1       1       0   .abs_section_30
     _IIC1F                                      31       1       1       0   .abs_section_31
     _IIC1C1                                     32       1       1       0   .abs_section_32
     _IIC1S                                      33       1       1       0   .abs_section_33
     _IIC1D                                      34       1       1       0   .abs_section_34
     _IIC1C2                                     35       1       1       0   .abs_section_35
     _ICSC1                                      38       1       1       1   .abs_section_38
     _ICSC2                                      39       1       1       1   .abs_section_39
     _ICSTRM                                     3A       1       1       1   .abs_section_3a
     _ICSSC                                      3B       1       1       5   .abs_section_3b
     _KBI2SC                                     3C       1       1      11   .abs_section_3c
     _KBI2PE                                     3D       1       1       1   .abs_section_3d
     _KBI2ES                                     3E       1       1       0   .abs_section_3e
     _TPM1SC                                     40       1       1       4   .abs_section_40
     _TPM1CNT                                    41       2       2       1   .abs_section_41
     _TPM1MOD                                    43       2       2       1   .abs_section_43
     _TPM1C0SC                                   45       1       1       0   .abs_section_45
     _TPM1C0V                                    46       2       2       0   .abs_section_46
     _TPM1C1SC                                   48       1       1       1   .abs_section_48
     _TPM1C1V                                    49       2       2       1   .abs_section_49
     _TPM1C2SC                                   4B       1       1       0   .abs_section_4b
     _TPM1C2V                                    4C       2       2       0   .abs_section_4c
     _TPM2SC                                     50       1       1       4   .abs_section_50
     _TPM2CNT                                    51       2       2       1   .abs_section_51
     _TPM2MOD                                    53       2       2       1   .abs_section_53
     _TPM2C0SC                                   55       1       1       1   .abs_section_55
     _TPM2C0V                                    56       2       2       1   .abs_section_56
     _TPM2C1SC                                   58       1       1       0   .abs_section_58
     _TPM2C1V                                    59       2       2       0   .abs_section_59
     _TPM2C2SC                                   5B       1       1       0   .abs_section_5b
     _TPM2C2V                                    5C       2       2       0   .abs_section_5c
     _TPM3SC                                     60       1       1       2   .abs_section_60
     _TPM3CNT                                    61       2       2       5   .abs_section_61
     _TPM3MOD                                    63       2       2       1   .abs_section_63
     _TPM3C0SC                                   65       1       1       1   .abs_section_65
     _TPM3C0V                                    66       2       2       1   .abs_section_66
     _TPM3C1SC                                   68       1       1       0   .abs_section_68
     _TPM3C1V                                    69       2       2       0   .abs_section_69
     _TPM3C2SC                                   6B       1       1       0   .abs_section_6b
     _TPM3C2V                                    6C       2       2       0   .abs_section_6c
     _TPM3C3SC                                   6E       1       1       0   .abs_section_6e
     _TPM3C3V                                    6F       2       2       0   .abs_section_6f
     _TPM3C4SC                                   71       1       1       0   .abs_section_71
     _TPM3C4V                                    72       2       2       0   .abs_section_72
     _TPM3C5SC                                   74       1       1       0   .abs_section_74
     _TPM3C5V                                    75       2       2       0   .abs_section_75
     _PPAGE                                      78       1       1       0   .abs_section_78
     _LAP2                                       79       1       1       0   .abs_section_79
     _LAP1                                       7A       1       1       0   .abs_section_7a
     _LAP0                                       7B       1       1       0   .abs_section_7b
     _LWP                                        7C       1       1       0   .abs_section_7c
     _LBP                                        7D       1       1       0   .abs_section_7d
     _LB                                         7E       1       1       0   .abs_section_7e
     _LAPAB                                      7F       1       1       0   .abs_section_7f
     Temp_Amb                                    A0       5       5       2   .data       
     Temp_Suelo                                  A5       5       5       2   .data       
     Humedad_Suelo                               AA       5       5       2   .data       
     Luz                                         AF       5       5       2   .data       
     Tiempo_Anemometro_1                         B4       5       5       2   .data       
     Tiempo_Anemometro_2                         B9       5       5       2   .data       
     Dato_0x01                                   BE       1       1       1   .bss        
     Med_1                                       BF       1       1       4   .bss        
     Med_2                                       C0       1       1       4   .bss        
     tiempo_OK                                   C1       1       1       6   .bss        
     EnUser                                      C2       1       1       7   .bss        
     OutFlg                                      C3       1       1       8   .bss        
     SumChan                                     C4       1       1      12   .bss        
     ModeFlg                                     C5       1       1       8   .bss        
     SerFlag                                     C6       1       1      10   .bss        
     EnUser                                      C7       1       1       2   .bss        
     InpIndxR                                    C8       1       1       6   .bss        
     InpIndxW                                    C9       1       1       6   .bss        
     InpBuffer                                   CA       5       5       2   .bss        
     OutIndxR                                    CF       1       1       6   .bss        
     OutIndxW                                    D0       1       1       6   .bss        
     OutBuffer                                   D1       5       5       2   .bss        
     SerFlag                                     D6       1       1      10   .bss        
     EnUser                                      D7       1       1       2   .bss        
     InpIndxR                                    D8       1       1       6   .bss        
     InpIndxW                                    D9       1       1       6   .bss        
     InpBuffer                                   DA       5       5       2   .bss        
     OutIndxR                                    DF       1       1       3   .bss        
     OutIndxW                                    E0       1       1       3   .bss        
     OutBuffer                                   E1       1       1       2   .bss        
     ActualRatio                                 E2       2       2       7   .bss        
     ActualRatio                                 E4       2       2       6   .bss        
     Tiempo_1                                    E6       2       2       1   .common     
     Tiempo_2                                    E8       2       2       1   .common     
     Temperatura_Suelo                           EA       2       2       3   .common     
     Humed_Suelo                                 EC       2       2       3   .common     
     Luminosidad                                 EE       2       2       3   .common     
     Enviado                                     F0       2       2       4   .common     
     Recibido                                    F2       2       2       1   .common     
     cCodError                                   F4       1       1       1   .common     
     AD1_EnEvent                                 F5       1       1       3   .common     
     AD1_OutV                                    F6       6       6      12   .common     
     CCR_reg                                     FC       1       1      14   .common     
     CCR_lock                                    FD       1       1      26   .common     
     S1_EnEvent                                  FE       1       1       5   .common     
     S1_InpLen                                   FF       1       1       6   .common     
     S1_OutLen                                  100       1       1       6   .common     
     S2_EnEvent                                 101       1       1       5   .common     
     S2_InpLen                                  102       1       1       7   .common     
     S2_OutLen                                  103       1       1       5   .common     
     _SRS                                      1800       1       1       0   .abs_section_1800
     _SBDFR                                    1801       1       1       0   .abs_section_1801
     _SOPT1                                    1802       1       1       1   .abs_section_1802
     _SOPT2                                    1803       1       1       0   .abs_section_1803
     _SDID                                     1806       2       2       0   .abs_section_1806
     _SPMSC1                                   1808       1       1       1   .abs_section_1808
     _SPMSC2                                   1809       1       1       1   .abs_section_1809
     _SPMSC3                                   180B       1       1       2   .abs_section_180b
     _SCGC1                                    180E       1       1       1   .abs_section_180e
     _SCGC2                                    180F       1       1       1   .abs_section_180f
     _DBGCA                                    1810       2       2       0   .abs_section_1810
     _DBGCB                                    1812       2       2       0   .abs_section_1812
     _DBGCC                                    1814       2       2       0   .abs_section_1814
     _DBGF                                     1816       2       2       0   .abs_section_1816
     _DBGCAX                                   1818       1       1       0   .abs_section_1818
     _DBGCBX                                   1819       1       1       0   .abs_section_1819
     _DBGCCX                                   181A       1       1       0   .abs_section_181a
     _DBGFX                                    181B       1       1       0   .abs_section_181b
     _DBGC                                     181C       1       1       0   .abs_section_181c
     _DBGT                                     181D       1       1       0   .abs_section_181d
     _DBGS                                     181E       1       1       0   .abs_section_181e
     _DBGCNT                                   181F       1       1       0   .abs_section_181f
     _FCDIV                                    1820       1       1       0   .abs_section_1820
     _FOPT                                     1821       1       1       0   .abs_section_1821
     _FCNFG                                    1823       1       1       0   .abs_section_1823
     _FPROT                                    1824       1       1       0   .abs_section_1824
     _FSTAT                                    1825       1       1       0   .abs_section_1825
     _FCMD                                     1826       1       1       0   .abs_section_1826
     _RTCSC                                    1830       1       1       2   .abs_section_1830
     _RTCCNT                                   1831       1       1       0   .abs_section_1831
     _RTCMOD                                   1832       1       1       1   .abs_section_1832
     _SPI2C1                                   1838       1       1       0   .abs_section_1838
     _SPI2C2                                   1839       1       1       0   .abs_section_1839
     _SPI2BR                                   183A       1       1       0   .abs_section_183a
     _SPI2S                                    183B       1       1       0   .abs_section_183b
     _SPI2D                                    183D       1       1       0   .abs_section_183d
     _PTAPE                                    1840       1       1       0   .abs_section_1840
     _PTASE                                    1841       1       1       1   .abs_section_1841
     _PTADS                                    1842       1       1       1   .abs_section_1842
     _PTBPE                                    1844       1       1       1   .abs_section_1844
     _PTBSE                                    1845       1       1       1   .abs_section_1845
     _PTBDS                                    1846       1       1       1   .abs_section_1846
     _PTCPE                                    1848       1       1       1   .abs_section_1848
     _PTCSE                                    1849       1       1       1   .abs_section_1849
     _PTCDS                                    184A       1       1       1   .abs_section_184a
     _PTDPE                                    184C       1       1       1   .abs_section_184c
     _PTDSE                                    184D       1       1       1   .abs_section_184d
     _PTDDS                                    184E       1       1       1   .abs_section_184e
     _PTEPE                                    1850       1       1       0   .abs_section_1850
     _PTESE                                    1851       1       1       1   .abs_section_1851
     _PTEDS                                    1852       1       1       1   .abs_section_1852
     _PTFPE                                    1854       1       1       0   .abs_section_1854
     _PTFSE                                    1855       1       1       1   .abs_section_1855
     _PTFDS                                    1856       1       1       1   .abs_section_1856
     _PTGPE                                    1858       1       1       0   .abs_section_1858
     _PTGSE                                    1859       1       1       1   .abs_section_1859
     _PTGDS                                    185A       1       1       1   .abs_section_185a
     _PTHPE                                    185C       1       1       0   .abs_section_185c
     _PTHSE                                    185D       1       1       1   .abs_section_185d
     _PTHDS                                    185E       1       1       1   .abs_section_185e
     _PTJPE                                    1860       1       1       0   .abs_section_1860
     _PTJSE                                    1861       1       1       1   .abs_section_1861
     _PTJDS                                    1862       1       1       1   .abs_section_1862
     _IIC2A                                    1868       1       1       0   .abs_section_1868
     _IIC2F                                    1869       1       1       0   .abs_section_1869
     _IIC2C1                                   186A       1       1       0   .abs_section_186a
     _IIC2S                                    186B       1       1       0   .abs_section_186b
     _IIC2D                                    186C       1       1       0   .abs_section_186c
     _IIC2C2                                   186D       1       1       0   .abs_section_186d
     _SCI2BD                                   1870       2       2       2   .abs_section_1870
     _SCI2C1                                   1872       1       1       1   .abs_section_1872
     _SCI2C2                                   1873       1       1       5   .abs_section_1873
     _SCI2S1                                   1874       1       1       3   .abs_section_1874
     _SCI2S2                                   1875       1       1       1   .abs_section_1875
     _SCI2C3                                   1876       1       1       1   .abs_section_1876
     _SCI2D                                    1877       1       1       3   .abs_section_1877
     _PTCSET                                   1878       1       1       0   .abs_section_1878
     _PTESET                                   1879       1       1       0   .abs_section_1879
     _PTCCLR                                   187A       1       1       0   .abs_section_187a
     _PTECLR                                   187B       1       1       0   .abs_section_187b
     _PTCTOG                                   187C       1       1       0   .abs_section_187c
     _PTETOG                                   187D       1       1       0   .abs_section_187d
     Cpu__ivVkeyboard                          2080      13      19       1   .init       
     Cpu_Interrupt                             2093       4       4      23   .init       
     _EntryPoint                               2097      44      68       1   .init       
     PE_low_level_init                         20DB      B5     181       1   .init       
     Convertir_Dato_Serial                     21A2      3F      63       5   .text       
     S1_OnRxChar                               21E1      E8     232       2   .text       
     Int_Anemometro_1                          22C9      4A      74       1   .text       
     S2_OnRxChar                               2313       1       1       1   .text       
     S2_OnFullRxBuf                            2314      31      49       1   .text       
     Medicion_Lista_ADC                        2345      36      54       1   .text       
     Int_Anemometro_2                          237B      4A      74       1   .text       
     main                                      23C5      2F      47       1   .text       
     loadByte                                  23F4       E      14       5   .text       
     Init                                      2402      6D     109       1   .text       
     _Startup                                  246F       9       9       1   .text       
     AD1_Interrupt                             2478      88     136       1   .text       
     ClrSumV                                   2500       C      12       1   .text       
     AD1_HWEnDi                                250C      42      66       4   .text       
     AD1_Enable                                254E       E      14       2   .text       
     AD1_Disable                               255C       D      13       1   .text       
     AD1_Measure                               2569      27      39       1   .text       
     AD1_GetChanValue16                        2590      36      54       3   .text       
     AD1_Init                                  25C6      1A      26       1   .text       
     S1_RecvChar                               25E0      65     101       1   .text       
     S1_SendBlock                              2645      8A     138       4   .text       
     S1_ClearRxBuf                             26CF      32      50       5   .text       
     S1_ClearTxBuf                             2701      2A      42       5   .text       
     S1_InterruptRx                            272B      4E      78       1   .text       
     S1_InterruptTx                            2779      38      56       1   .text       
     S1_InterruptError                         27B1       E      14       1   .text       
     S1_Init                                   27BF      38      56       1   .text       
     S1_LED_PutVal                             27F7       D      13       6   .text       
     S2_RecvChar                               2804      65     101       1   .text       
     S2_SendChar                               2869      51      81       1   .text       
     S2_RecvBlock                              28BA      56      86       1   .text       
     S2_ClearRxBuf                             2910      32      50       2   .text       
     S2_InterruptRx                            2942      63      99       1   .text       
     S2_InterruptTx                            29A5      34      52       1   .text       
     S2_InterruptError                         29D9      10      16       1   .text       
     S2_Init                                   29E9      3F      63       1   .text       
     S2_LED_PutVal                             2A28       D      13       3   .text       
     SetRatio                                  2A35      89     137       2   .text       
     Senal_25u_Enable                          2ABE       5       5       1   .text       
     Senal_25u_Disable                         2AC3       6       6       3   .text       
     Senal_25u_SetRatio16                      2AC9       8       8       1   .text       
     Senal_25u_Init                            2AD1      17      23       1   .text       
     SetRatio                                  2AE8      89     137       1   .text       
     Senal_25u_2_Enable                        2B71       5       5       1   .text       
     Senal_25u_2_Disable                       2B76       6       6       3   .text       
     Senal_25u_2_Init                          2B7C      17      23       1   .text       
     Tiempo_Init                               2B93      14      20       1   .text       
     HWEnDi                                    2BA7       6       6       1   .text       
     Tiempo_2_Init                             2BAD       B      11       1   .text       
     _Jump_Table_Header_Offset                 2BB8      24      36       1   .text       
     Table                                     2BDC       3       3       3   .rodata     
     Channels                                  2BDF       3       3       2   .rodata     
     NVPROT_INIT                               FFBD       1       1       0   .abs_section_ffbd
     NVOPT_INIT                                FFBF       1       1       0   .abs_section_ffbf
     _vect                                     FFC0      40      64       0   .abs_section_ffc0

*********************************************************************************************
UNUSED-OBJECTS SECTION
---------------------------------------------------------------------------------------------
NOT USED PROCEDURES
Estacion_Metereologica_c.obj:
  Convertir_Serial_Dato get_temp 
AD1_c.obj:
  AD1_MeasureChan AD1_GetChanValue AD1_GetValue16 
S1_c.obj:
  S1_Enable S1_Disable S1_SendChar S1_RecvBlock 
S2_c.obj:
  S2_Enable S2_Disable S2_SendBlock S2_ClearTxBuf 
Senal_25u_c.obj:
  Senal_25u_SetDutyUS Senal_25u_SetDutyMS 
Senal_25u_2_c.obj:
  Senal_25u_2_SetRatio16 Senal_25u_2_SetDutyUS Senal_25u_2_SetDutyMS 
Tiempo_2_c.obj:
  Tiempo_2_Enable 
rtshc08.c.o (ansifs.lib):
  _PUSH_ARGS_L _PUSH_ARGS_D _ENTER_UNARY_L _ENTER_UNARY_L64 _ENTER_UNARY_L64_4 
  _ENTER_BINARY_L _ENTER_BINARY_L_RC _ENTER_BINARY_L_LC _ENTER_BINARY_L64 
  _ENTER_BINARY_L64_LC _ENTER_BINARY_L64_RC _IDIVMOD _SPLITSIGN 
  _LADD_k_is_k_plus_j _k_is_k_plus_j_l _k_is_k_plus_j_i _LSUB_k_is_k_minus_j 
  _LAND_k_is_k_and_j _LOR_k_is_k_or_j _LXOR_k_is_k_xor_j _LMUL_k_is_k_mul_j 
  _LDIVMOD _NEG_L_HX _ABS_L_HX _SPLITSIGN_L _LMODU_k_is_k_mod_j 
  _LDIVU_k_is_k_div_j _LMODS_k_is_k_mod_j _LDIVS_k_is_k_div_j _LCMP_k_rel_j 
  _CMP24_k_rel_j _BMULS _BDIVS _BMODS _IMUL_STAR08 _IDIVS_STAR08 _IDIVU_STAR08 
  _IMODS_STAR08 _IMODU_STAR08 _IDIVU_8 _IMODU_8 _IASR _ILSR _ILSL _ICMP _LINC 
  _LDEC _LNEG _LNOT _LADD _LADD_RC _LSUB _LSUB_LC _LSUB_RC _LAND _LAND_RC _LOR 
  _LOR_RC _LXOR _LXOR_RC _LMUL _LMUL_RC _LDIVS _LDIVS_LC _LDIVS_RC _LDIVU 
  _LDIVU_LC _LDIVU_RC _LMODS _LMODS_LC _LMODS_RC _LMODU _LMODU_LC _LMODU_RC 
  _LASR _LLSR _LLSL _LCMP _LCMP_RC _PUSH_ARGS_24 _ENTER_BINARY_24_RC 
  _ENTER_BINARY_24 _CMP24 _CMP24_RC _COPY _COPY_L _POP32 _POP64 _STORE32 
  _STORE64 _SEXT8_32 _SEXT16_32 _CALL_STAR08 _CALL_STAR08_FAR _Jump_Table_Addr 
  _Jump_Table_Offset _Jump_Table_Header_Addr _Search_Table_16_Addr 
  _Search_Table_16_Offset _Search_Table_8_Addr _Search_Table_8_Offset _PUSH_CC 
  _POP_CC _CONV_FAR_TO_NEAR _CONV_FAR_TO_LINEAR _CONV_LINEAR_TO_FAR F_CLRK 
  F_CLRK_Unary F_NANK F_INFK F_TLK F_XGKL _UNPACK_k_to_K _UNPACK_k_to_K_Unary 
  _UNPACK_j_to_L _PACK_K_to_k _PACK_K_to_k_Unary F_NORMK _FADD_K_is_K_plus_L 
  _FMUL_K_is_K_times_L _FDIV_K_is_L_div_K _F_LONGK _F_FLOATK _FCMP_k_rel_j 
  _FADD_Common _FSUB_Common _FMUL_Common _FDIV_Common _FADD _FADD_RC _FSUB 
  _FSUB_RC _FSUB_LC _FMUL _FMUL_RC _FDIV _FDIV_RC _FDIV_LC _FSTRUNC _FUTRUNC 
  _FNEG _FABS _FCMP _FCMP_RC _FINC _FDEC _FSFLOAT _FUFLOAT D_TLK D_TKRes D_XGKL 
  D_CLRK D_CLRK_Unary D_NANK D_INFK D_INFK_Unary _DUNPACK_k_to_K 
  _DUNPACK_k_to_K_Unary _DUNPACK_j_to_L _DPACK_K_to_k _DPACK_K_to_k_Unary 
  D_NORMK_Unary D_NORMK _DADD_K_is_K_plus_L _DMUL_K_is_K_times_L 
  _DDIV_K_is_L_div_K _DCMP_k_rel_j _D_FLOATK _D_LONGK _D_FTODK _D_DTOFK 
  _DADD_Common _DSUB_Common _DMUL_Common _DDIV_Common _DADD _DADD_RC _DSUB 
  _DSUB_RC _DSUB_LC _DMUL _DMUL_RC _DDIV _DDIV_LC _DDIV_RC _DCMP _DCMP_RC _DINC 
  _DDEC _DNEG _DABS _DSFLOAT _DUFLOAT _DSTRUNC _DUTRUNC _DSHORT _DLONG 
NOT USED VARIABLES
Estacion_Metereologica_c.obj:
  Dato_0x03 Dato_0x06 Dato_0x07 
Events_c.obj:
  Pot Humedad_Amb Tiempo_1_c Tiempo_2_c Temperatura_Amb 
rtshc08.c.o (ansifs.lib):
  _PowOfTwo_8 _PowOfTwo_16 _PowOfTwo_32 plus1 minus1 plus1d minus1d errno 

*********************************************************************************************
COPYDOWN SECTION
---------------------------------------------------------------------------------------------
------- ROM-ADDRESS: 0x2BE2 ---- SIZE       4 ---
Filling bytes inserted
 001E00A0
------- ROM-ADDRESS: 0x2BE6 ---- RAM-ADDRESS: 0xA0 ---- SIZE       5 ---
Name of initialized Object : Temp_Amb
 01000000FF
------- ROM-ADDRESS: 0x2BEB ---- RAM-ADDRESS: 0xA5 ---- SIZE       5 ---
Name of initialized Object : Temp_Suelo
 02000000FF
------- ROM-ADDRESS: 0x2BF0 ---- RAM-ADDRESS: 0xAA ---- SIZE       5 ---
Name of initialized Object : Humedad_Suelo
 04000000FF
------- ROM-ADDRESS: 0x2BF5 ---- RAM-ADDRESS: 0xAF ---- SIZE       5 ---
Name of initialized Object : Luz
 05000000FF
------- ROM-ADDRESS: 0x2BFA ---- RAM-ADDRESS: 0xB4 ---- SIZE       5 ---
Name of initialized Object : Tiempo_Anemometro_1
 06000000FF
------- ROM-ADDRESS: 0x2BFF ---- RAM-ADDRESS: 0xB9 ---- SIZE       5 ---
Name of initialized Object : Tiempo_Anemometro_2
 07000000FF
------- ROM-ADDRESS: 0x2C04 ---- SIZE       2 ---
Filling bytes inserted
 0000

*********************************************************************************************
OBJECT-DEPENDENCIES SECTION
---------------------------------------------------------------------------------------------
Cpu__ivVkeyboard          USES _KBI2SC Int_Anemometro_1 _KBI1SC 
                                Int_Anemometro_2 
_EntryPoint               USES _SOPT1 _SPMSC1 _SPMSC2 _SPMSC3 _ICSTRM _ICSSC 
                                _ICSC1 _ICSC2 _Startup 
PE_low_level_init         USES _SCGC1 _SCGC2 _PTBDD _PTBD _PTADD _PTAD _PTDDD 
                                _PTDPE _PTCD _PTCDD _PTCPE _APCTL1 _APCTL2 _PTBPE 
                                _PTASE _PTBSE _PTCSE _PTDSE _PTESE _PTFSE _PTGSE 
                                _PTHSE _PTJSE _PTADS _PTBDS _PTCDS _PTDDS _PTEDS 
                                _PTFDS _PTGDS _PTHDS _PTJDS S1_Init Senal_25u_Init 
                                Tiempo_Init _KBI2PE _KBI2SC S2_Init AD1_Init 
                                Senal_25u_2_Init _KBI1PE _KBI1SC Tiempo_2_Init CCR_lock 
S1_OnRxChar               USES S1_RecvChar S1_ClearRxBuf S1_ClearTxBuf 
                                S2_ClearRxBuf _Jump_Table_Header_Offset S1_LED_PutVal 
                                S1_OnRxChar Temperatura_Suelo Temp_Suelo 
                                Convertir_Dato_Serial tiempo_OK S2_SendChar Humed_Suelo 
                                Humedad_Suelo Luminosidad Luz Enviado S1_SendBlock cCodError 
                                _KBI1SC _KBI2SC Senal_25u_2_Disable Med_1 _TPM3CNT 
                                Senal_25u_Enable S2_LED_PutVal Senal_25u_Disable Med_2 
                                Senal_25u_2_Enable AD1_Disable S1_EnEvent S2_EnEvent 
Int_Anemometro_1          USES Med_1 Med_2 _KBI2SC _KBI1SC _TPM3CNT Tiempo_1 
                                Tiempo_Anemometro_1 Convertir_Dato_Serial Senal_25u_Disable 
                                AD1_Enable S1_EnEvent S2_EnEvent S1_ClearTxBuf Enviado 
                                S1_SendBlock tiempo_OK 
S2_OnFullRxBuf            USES S2_LED_PutVal Temp_Amb Recibido S2_RecvBlock 
                                S2_ClearRxBuf Enviado S1_SendBlock Dato_0x01 
Medicion_Lista_ADC        USES Luminosidad AD1_GetChanValue16 
                                Temperatura_Suelo Humed_Suelo 
Int_Anemometro_2          USES Med_1 Med_2 _KBI1SC _KBI2SC _TPM3CNT Tiempo_2 
                                Tiempo_Anemometro_2 Convertir_Dato_Serial Senal_25u_2_Disable 
                                AD1_Enable S1_EnEvent S2_EnEvent S1_ClearTxBuf Enviado 
                                S1_SendBlock tiempo_OK 
main                      USES PE_low_level_init _KBI2SC _KBI1SC 
                                Senal_25u_SetRatio16 Senal_25u_Disable Senal_25u_2_Disable 
                                S1_ClearRxBuf S1_ClearTxBuf S1_LED_PutVal S2_LED_PutVal 
                                tiempo_OK AD1_Measure 
Init                      USES _startupData loadByte 
_Startup                  USES __SEG_END_SSTACK Init main 
AD1_Interrupt             USES ModeFlg _ADCR SumChan AD1_OutV OutFlg 
                                AD1_EnEvent Channels _ADCSC1 Table Medicion_Lista_ADC 
ClrSumV                   USES AD1_OutV 
AD1_HWEnDi                USES EnUser ModeFlg OutFlg SumChan ClrSumV Table 
                                AD1_OutV Channels _ADCSC1 
AD1_Enable                USES EnUser AD1_HWEnDi 
AD1_Disable               USES EnUser AD1_HWEnDi 
AD1_Measure               USES EnUser ModeFlg AD1_HWEnDi 
AD1_GetChanValue16        USES OutFlg Table AD1_OutV 
AD1_Init                  USES _ADCSC1 _ADCSC2 EnUser AD1_EnEvent OutFlg 
                                ModeFlg _ADCCFG AD1_HWEnDi 
S1_RecvChar               USES S1_InpLen CCR_lock CCR_reg InpIndxR InpBuffer 
                                SerFlag 
S1_SendBlock              USES CCR_lock CCR_reg S1_OutLen OutIndxW OutBuffer 
                                EnUser _SCI1C2 
S1_ClearRxBuf             USES CCR_lock CCR_reg S1_InpLen InpIndxR InpIndxW 
                                SerFlag 
S1_ClearTxBuf             USES CCR_lock CCR_reg S1_OutLen OutIndxR OutIndxW 
S1_InterruptRx            USES _SCI1S1 _SCI1D S1_InpLen InpIndxW InpBuffer 
                                SerFlag S1_EnEvent S1_OnRxChar 
S1_InterruptTx            USES SerFlag S1_OutLen _SCI1S1 OutIndxR OutBuffer 
                                _SCI1D _SCI1C2 
S1_InterruptError         USES _SCI1S1 _SCI1D SerFlag 
S1_Init                   USES SerFlag S1_EnEvent EnUser S1_InpLen InpIndxR 
                                InpIndxW S1_OutLen OutIndxR OutIndxW _SCI1C1 _SCI1C3 
                                _SCI1C2 _SCI1S2 _SCI1BD 
S1_LED_PutVal             USES _PTCD 
S2_RecvChar               USES S2_InpLen CCR_lock CCR_reg InpIndxR InpBuffer 
                                SerFlag 
S2_SendChar               USES S2_OutLen CCR_lock CCR_reg OutIndxW OutBuffer 
                                EnUser _SCI2C2 
S2_RecvBlock              USES S2_RecvChar 
S2_ClearRxBuf             USES CCR_lock CCR_reg S2_InpLen InpIndxR InpIndxW 
                                SerFlag 
S2_InterruptRx            USES _SCI2S1 _SCI2D S2_InpLen InpIndxW InpBuffer 
                                SerFlag S2_EnEvent S2_OnRxChar S2_OnFullRxBuf 
S2_InterruptTx            USES SerFlag S2_OutLen _SCI2S1 OutIndxR OutBuffer 
                                _SCI2D _SCI2C2 
S2_InterruptError         USES _SCI2S1 _SCI2D SerFlag 
S2_Init                   USES SerFlag S2_EnEvent EnUser S2_InpLen InpIndxR 
                                InpIndxW S2_OutLen OutIndxR OutIndxW _SCI2C1 _SCI2C3 
                                _SCI2C2 _SCI2S2 _SCI2BD 
S2_LED_PutVal             USES _PTCD 
SetRatio                  USES ActualRatio _TPM2C0V 
Senal_25u_Enable          USES _TPM2SC 
Senal_25u_Disable         USES _TPM2SC _TPM2CNT 
Senal_25u_SetRatio16      USES ActualRatio SetRatio 
Senal_25u_Init            USES _TPM2SC _TPM2C0SC ActualRatio _TPM2MOD SetRatio 
SetRatio                  USES ActualRatio _TPM1C1V 
Senal_25u_2_Enable        USES _TPM1SC 
Senal_25u_2_Disable       USES _TPM1SC _TPM1CNT 
Senal_25u_2_Init          USES _TPM1SC _TPM1C1SC ActualRatio _TPM1MOD SetRatio 
Tiempo_Init               USES _TPM3SC _TPM3MOD _TPM3C0SC _TPM3C0V _TPM3CNT 
HWEnDi                    USES _RTCSC 
Tiempo_2_Init             USES _RTCSC _RTCMOD HWEnDi 
_vect                     USES Cpu_Interrupt S2_InterruptTx S2_InterruptRx 
                                S2_InterruptError AD1_Interrupt Cpu__ivVkeyboard S1_InterruptTx 
                                S1_InterruptRx S1_InterruptError _EntryPoint 

*********************************************************************************************
DEPENDENCY TREE
*********************************************************************************************
 main and _Startup Group
 | 
 +- main                
 |  | 
 |  +- PE_low_level_init   
 |  |  | 
 |  |  +- S1_Init             
 |  |  |    
 |  |  +- Senal_25u_Init      
 |  |  |  | 
 |  |  |  +- SetRatio            
 |  |  |       
 |  |  +- Tiempo_Init         
 |  |  |    
 |  |  +- S2_Init             
 |  |  |    
 |  |  +- AD1_Init            
 |  |  |  | 
 |  |  |  +- AD1_HWEnDi          
 |  |  |     | 
 |  |  |     +- ClrSumV             
 |  |  |          
 |  |  +- Senal_25u_2_Init    
 |  |  |  | 
 |  |  |  +- SetRatio            
 |  |  |       
 |  |  +- Tiempo_2_Init       
 |  |     | 
 |  |     +- HWEnDi              
 |  |          
 |  +- Senal_25u_SetRatio16
 |  |  | 
 |  |  +- SetRatio             (see above)
 |  |     
 |  +- Senal_25u_Disable   
 |  |    
 |  +- Senal_25u_2_Disable 
 |  |    
 |  +- S1_ClearRxBuf       
 |  |    
 |  +- S1_ClearTxBuf       
 |  |    
 |  +- S1_LED_PutVal       
 |  |    
 |  +- S2_LED_PutVal       
 |  |    
 |  +- AD1_Measure         
 |     | 
 |     +- AD1_HWEnDi           (see above)
 |        
 +- _EntryPoint         
    | 
    +- _Startup            
       | 
       +- Init                
       |  | 
       |  +- loadByte            
       |       
       +- main                 (see above)
          
 _vect               
 | 
 +- Cpu_Interrupt       
 |    
 +- S2_InterruptTx      
 |    
 +- S2_InterruptRx      
 |  | 
 |  +- S2_OnRxChar         
 |  |    
 |  +- S2_OnFullRxBuf      
 |     | 
 |     +- S2_LED_PutVal        (see above)
 |     |  
 |     +- S2_RecvBlock        
 |     |  | 
 |     |  +- S2_RecvChar         
 |     |       
 |     +- S2_ClearRxBuf       
 |     |    
 |     +- S1_SendBlock        
 |          
 +- S2_InterruptError   
 |    
 +- AD1_Interrupt       
 |  | 
 |  +- Medicion_Lista_ADC  
 |     | 
 |     +- AD1_GetChanValue16  
 |          
 +- Cpu__ivVkeyboard    
 |  | 
 |  +- Int_Anemometro_1    
 |  |  | 
 |  |  +- Convertir_Dato_Serial
 |  |  |    
 |  |  +- Senal_25u_Disable    (see above)
 |  |  |  
 |  |  +- AD1_Enable          
 |  |  |  | 
 |  |  |  +- AD1_HWEnDi           (see above)
 |  |  |     
 |  |  +- S1_ClearTxBuf        (see above)
 |  |  |  
 |  |  +- S1_SendBlock         (see above)
 |  |     
 |  +- Int_Anemometro_2    
 |     | 
 |     +- Convertir_Dato_Serial (see above)
 |     |  
 |     +- Senal_25u_2_Disable  (see above)
 |     |  
 |     +- AD1_Enable           (see above)
 |     |  
 |     +- S1_ClearTxBuf        (see above)
 |     |  
 |     +- S1_SendBlock         (see above)
 |        
 +- S1_InterruptTx      
 |    
 +- S1_InterruptRx      
 |  | 
 |  +- S1_OnRxChar         
 |     | 
 |     +- S1_RecvChar         
 |     |    
 |     +- S1_ClearRxBuf        (see above)
 |     |  
 |     +- S1_ClearTxBuf        (see above)
 |     |  
 |     +- S2_ClearRxBuf        (see above)
 |     |  
 |     +- _Jump_Table_Header_Offset
 |     |    
 |     +- S1_LED_PutVal        (see above)
 |     |  
 |     +- Convertir_Dato_Serial (see above)
 |     |  
 |     +- S2_SendChar         
 |     |    
 |     +- S1_SendBlock         (see above)
 |     |  
 |     +- Senal_25u_2_Disable  (see above)
 |     |  
 |     +- Senal_25u_Enable    
 |     |    
 |     +- S2_LED_PutVal        (see above)
 |     |  
 |     +- Senal_25u_Disable    (see above)
 |     |  
 |     +- Senal_25u_2_Enable  
 |     |    
 |     +- AD1_Disable         
 |        | 
 |        +- AD1_HWEnDi           (see above)
 |           
 +- S1_InterruptError   
 |    
 +- _EntryPoint          (see above)
    
*********************************************************************************************
STATISTIC SECTION
---------------------------------------------------------------------------------------------

ExeFile:
--------
Number of blocks to be downloaded: 7
Total size of all blocks to be downloaded: 3016

